// Jest Snapshot v1, https://goo.gl/fbAQLP

exports[`component.UI.ActionBar should render correctly 1`] = `
.c0 {
  box-sizing: border-box;
  padding-top: 8px;
  padding-bottom: 8px;
  padding-right: 64px;
  background-color: secondaryColor;
  display: -webkit-box;
  display: -webkit-flex;
  display: -ms-flexbox;
  display: flex;
  -webkit-flex-direction: row;
  -ms-flex-direction: row;
  flex-direction: row;
  -webkit-box-pack: end;
  -webkit-justify-content: flex-end;
  -ms-flex-pack: end;
  justify-content: flex-end;
}

.c2 {
  box-sizing: border-box;
  font-family: sans;
  font-weight: normal;
}

.c1 {
  box-sizing: border-box;
  margin: 0;
  margin-right: 128px;
  padding-top: 16px;
  padding-bottom: 16px;
  padding-left: 0;
  padding-right: 0;
  font-size: inherit;
  color: white;
  background-color: blue;
  -webkit-appearance: none;
  -moz-appearance: none;
  appearance: none;
  display: inline-block;
  text-align: center;
  line-height: inherit;
  -webkit-text-decoration: none;
  text-decoration: none;
  font-weight: bold;
  border: 0;
  border-radius: 0;
  border-radius: 0;
  -webkit-transition: all 0.25s;
  transition: all 0.25s;
  outline: none;
  font-weight: 300;
  line-height: '18px';
  white-space: nowrap;
  text-align: center;
}

.c1:disabled {
  opacity: 0.5;
}

.c1:hover:enabled {
  cursor: pointer;
}

.c3 {
  box-sizing: border-box;
  margin: 0;
  margin-right: 0;
  padding-top: 16px;
  padding-bottom: 16px;
  padding-left: 64px;
  padding-right: 64px;
  font-size: inherit;
  color: white;
  background-color: blue;
  -webkit-appearance: none;
  -moz-appearance: none;
  appearance: none;
  display: inline-block;
  text-align: center;
  line-height: inherit;
  -webkit-text-decoration: none;
  text-decoration: none;
  font-weight: bold;
  border: 0;
  border-radius: 5px;
  border-radius: 5px;
  -webkit-transition: all 0.25s;
  transition: all 0.25s;
  outline: none;
  font-weight: 300;
  line-height: '18px';
  white-space: nowrap;
  text-align: center;
}

.c3:disabled {
  opacity: 0.5;
}

.c3:hover:enabled {
  cursor: pointer;
}

<div
  className="c0"
>
  <button
    className="c1"
    color="white"
    disabled={false}
    fontSize="inherit"
    fontWeight="bold"
    onClick={[Function]}
  >
    <div
      className="c2"
      fontFamily="sans"
      fontWeight="normal"
    >
      Save
    </div>
  </button>
  <button
    className="c3"
    color="white"
    disabled={false}
    fontSize="inherit"
    fontWeight="bold"
    onClick={[Function]}
  >
    <div
      className="c2"
      fontFamily="sans"
      fontWeight="normal"
    >
      Cancel
    </div>
  </button>
</div>
`;
