// Jest Snapshot v1, https://goo.gl/fbAQLP

exports[`component.UI.BackgroundPrimary should render correctly 1`] = `
.c0 {
  box-sizing: border-box;
  color: primaryText;
  background-color: primaryColor;
  display: -webkit-box;
  display: -webkit-flex;
  display: -ms-flexbox;
  display: flex;
  -webkit-flex-direction: column;
  -ms-flex-direction: column;
  flex-direction: column;
}

<div
  className="c0"
  color="primaryText"
/>
`;
