// Jest Snapshot v1, https://goo.gl/fbAQLP

exports[`component.UI.BackgroundTertiary should render correctly 1`] = `
.c0 {
  box-sizing: border-box;
  color: primaryText;
  background-color: tertiaryColor;
}

<div
  className="c0"
  color="primaryText"
/>
`;
