// Jest Snapshot v1, https://goo.gl/fbAQLP

exports[`component.UI.Bar should render correctly 1`] = `
.c0 {
  height: 1px;
  margin: 0;
  padding: 0;
  border: 0;
  background-color: #ffffff;
  opacity: 0.6;
}

<hr
  className="c0"
/>
`;
