// Jest Snapshot v1, https://goo.gl/fbAQLP

exports[`component.UI.Link should render correctly 1`] = `
.c0 {
  cursor: pointer;
  -webkit-text-decoration: underline;
  text-decoration: underline;
}

<a
  className="c0"
>
  Link text
</a>
`;
