// Jest Snapshot v1, https://goo.gl/fbAQLP

exports[`component.UI.MainContent should render correctly 1`] = `
.c0 {
  box-sizing: border-box;
  height: 100%;
  overflow-y: overlay;
  overflow-x: hidden;
  -webkit-flex: 1;
  -ms-flex: 1;
  flex: 1;
}

<article
  className="c0"
/>
`;
